Last login: Thu Mar  6 16:06:38 on ttys002
/Users/Gerardo/.zshrc:export:1: not valid in this context: export HOMEBREW_PREFIX
Gerardo@luiss-mac ~ % mysqlsh
MySQL Shell 9.2.0

Copyright (c) 2016, 2025, Oracle and/or its affiliates.
Oracle is a registered trademark of Oracle Corporation and/or its affiliates.
Other names may be trademarks of their respective owners.

Type '\help' or '\?' for help; '\quit' to exit.
 MySQL  SQL > \conncect --mc root“localhost
Unknown command: '\conncect --mc root“localhost'
 MySQL  SQL > \connect --mc root@localhost
Creating a Classic session to 'root@localhost'
Fetching global names for auto-completion... Press ^C to stop.
Your MySQL connection id is 20
Server version: 9.1.0 MySQL Community Server - GPL
No default schema selected; type \use <schema> to set one.
 MySQL  localhost  SQL > use tbd_eva2;
Default schema set to `tbd_eva2`.
Fetching global names, object names from `tbd_eva2` for auto-completion... Press ^C to stop.
 MySQL  localhost  tbd_eva2  SQL > show create table cliente;
+---------+----------------------------------------------------------------------------------------------------------------------------------------------------------------------------------------------------------------------------------------------------------+
| Table   | Create Table                                                                                                                                                                                                                                             |
+---------+----------------------------------------------------------------------------------------------------------------------------------------------------------------------------------------------------------------------------------------------------------+
| cliente | CREATE TABLE `cliente` (
  `clienteid` int NOT NULL AUTO_INCREMENT,
  `nombre` varchar(50) NOT NULL,
  `apellidos` varchar(50) NOT NULL,
  PRIMARY KEY (`clienteid`)
) ENGINE=InnoDB AUTO_INCREMENT=5 DEFAULT CHARSET=utf8mb4 COLLATE=utf8mb4_0900_ai_ci |
+---------+----------------------------------------------------------------------------------------------------------------------------------------------------------------------------------------------------------------------------------------------------------+
1 row in set (0.0063 sec)
 MySQL  localhost  tbd_eva2  SQL > show create table venta;
+-------+-------------------------------------------------------------------------------------------------------------------------------------------------------------------------------------------------------------------------------------------------------------------------------------------------------------------------------------------------------------------------------------------------------------+
| Table | Create Table                                                                                                                                                                                                                                                                                                                                                                                                |
+-------+-------------------------------------------------------------------------------------------------------------------------------------------------------------------------------------------------------------------------------------------------------------------------------------------------------------------------------------------------------------------------------------------------------------+
| venta | CREATE TABLE `venta` (
  `ventaid` int NOT NULL AUTO_INCREMENT,
  `fecha_venta` date DEFAULT NULL,
  `clienteid` int NOT NULL,
  PRIMARY KEY (`ventaid`),
  KEY `clienteid` (`clienteid`),
  CONSTRAINT `venta_ibfk_1` FOREIGN KEY (`clienteid`) REFERENCES `cliente` (`clienteid`) ON DELETE CASCADE ON UPDATE CASCADE
) ENGINE=InnoDB AUTO_INCREMENT=7 DEFAULT CHARSET=utf8mb4 COLLATE=utf8mb4_0900_ai_ci |
+-------+-------------------------------------------------------------------------------------------------------------------------------------------------------------------------------------------------------------------------------------------------------------------------------------------------------------------------------------------------------------------------------------------------------------+
1 row in set (0.0023 sec)
 MySQL  localhost  tbd_eva2  SQL > select * from ventas;
ERROR: 1146 (42S02): Table 'tbd_eva2.ventas' doesn't exist
 MySQL  localhost  tbd_eva2  SQL > select * from venta;
+---------+-------------+-----------+
| ventaid | fecha_venta | clienteid |
+---------+-------------+-----------+
|       1 | 2025-03-06  |         1 |
|       2 | 2025-11-04  |         2 |
|       3 | 2024-10-12  |         1 |
|       4 | 2025-05-12  |         3 |
|       5 | 2025-06-22  |         1 |
+---------+-------------+-----------+
5 rows in set (0.0021 sec)
 MySQL  localhost  tbd_eva2  SQL > select * from venta_detalle;
+----------------+---------+------------+----------+
| ventadetalleid | ventaid | productoid | cantidad |
+----------------+---------+------------+----------+
|              1 |       1 |          1 |       10 |
|              2 |       1 |          2 |        3 |
|              3 |       1 |          3 |        5 |
|              4 |       2 |          1 |        8 |
|              5 |       2 |          2 |        7 |
|              6 |       3 |          3 |        1 |
|              7 |       4 |          2 |        5 |
|              8 |       1 |          2 |        2 |
+----------------+---------+------------+----------+
8 rows in set (0.0016 sec)
 MySQL  localhost  tbd_eva2  SQL > select * from cliente;
+-----------+--------+-----------+
| clienteid | nombre | apellidos |
+-----------+--------+-----------+
|         1 | Juan   | Perez     |
|         2 | Pedro  | Páramo    |
|         3 | Ruben  | Hernandez |
|         4 | Otro   | Cliente   |
+-----------+--------+-----------+
4 rows in set (0.0021 sec)
 MySQL  localhost  tbd_eva2  SQL > select * from producto;
+------------+-----------+----------+--------+
| productoid | nombre    | precio   | unidad |
+------------+-----------+----------+--------+
|          1 | Laptop    | 20000.05 | Pieza  |
|          2 | Tablet    |  5000.45 | Pieza  |
|          3 | Celular   |  1000.50 | Pieza  |
|          4 | Audifonos |   999.99 | Pieza  |
+------------+-----------+----------+--------+
4 rows in set (0.0019 sec)
 MySQL  localhost  tbd_eva2  SQL > select * from cliente
                                -> where clienteid =1;
+-----------+--------+-----------+
| clienteid | nombre | apellidos |
+-----------+--------+-----------+
|         1 | Juan   | Perez     |
+-----------+--------+-----------+
1 row in set (0.0509 sec)
 MySQL  localhost  tbd_eva2  SQL > select * from venta
                                -> where clienteid = 1;
+---------+-------------+-----------+
| ventaid | fecha_venta | clienteid |
+---------+-------------+-----------+
|       1 | 2025-03-06  |         1 |
|       3 | 2024-10-12  |         1 |
|       5 | 2025-06-22  |         1 |
+---------+-------------+-----------+
3 rows in set (0.0065 sec)
 MySQL  localhost  tbd_eva2  SQL > update cliente
                                -> set clienteid = 5
                                -> where clienteid = 1;
ERROR: 1451 (23000): Cannot delete or update a parent row: a foreign key constraint fails (`tbd_eva2`.`direccioncliente`, CONSTRAINT `direccioncliente_ibfk_1` FOREIGN KEY (`clienteid`) REFERENCES `cliente` (`clienteid`))
 MySQL  localhost  tbd_eva2  SQL > show create table cliente;
+---------+----------------------------------------------------------------------------------------------------------------------------------------------------------------------------------------------------------------------------------------------------------+
| Table   | Create Table                                                                                                                                                                                                                                             |
+---------+----------------------------------------------------------------------------------------------------------------------------------------------------------------------------------------------------------------------------------------------------------+
| cliente | CREATE TABLE `cliente` (
  `clienteid` int NOT NULL AUTO_INCREMENT,
  `nombre` varchar(50) NOT NULL,
  `apellidos` varchar(50) NOT NULL,
  PRIMARY KEY (`clienteid`)
) ENGINE=InnoDB AUTO_INCREMENT=5 DEFAULT CHARSET=utf8mb4 COLLATE=utf8mb4_0900_ai_ci |
+---------+----------------------------------------------------------------------------------------------------------------------------------------------------------------------------------------------------------------------------------------------------------+
1 row in set (0.0152 sec)
 MySQL  localhost  tbd_eva2  SQL > alter table direccioncliente
                                -> drop constraint 'direccioncliente_ibfk_1';
ERROR: 1064 (42000): You have an error in your SQL syntax; check the manual that corresponds to your MySQL server version for the right syntax to use near ''direccioncliente_ibfk_1'' at line 2
 MySQL  localhost  tbd_eva2  SQL > alter table direccioncliente drop constraint direccioncliente_ibfk_1;
Query OK, 0 rows affected (0.0639 sec)

Records: 0  Duplicates: 0  Warnings: 0
 MySQL  localhost  tbd_eva2  SQL > show create table direccioncliente;
+------------------+------------------------------------------------------------------------------------------------------------------------------------------------------------------------------------------------------------------------------------------------------------------------------------------------------------------------------------------------------------------------------------------------------------------------------------------------------------------------------------+
| Table            | Create Table                                                                                                                                                                                                                                                                                                                                                                                                                                                                       |
+------------------+------------------------------------------------------------------------------------------------------------------------------------------------------------------------------------------------------------------------------------------------------------------------------------------------------------------------------------------------------------------------------------------------------------------------------------------------------------------------------------+
| direccioncliente | CREATE TABLE `direccioncliente` (
  `direccionclid` int NOT NULL AUTO_INCREMENT,
  `calle` varchar(50) NOT NULL,
  `numero` int NOT NULL,
  `colonia` varchar(50) NOT NULL,
  `cp` int NOT NULL,
  `ciudad` varchar(50) NOT NULL,
  `estado` varchar(50) NOT NULL,
  `pais` varchar(50) NOT NULL,
  `clienteid` int NOT NULL,
  PRIMARY KEY (`direccionclid`),
  KEY `clienteid` (`clienteid`)
) ENGINE=InnoDB AUTO_INCREMENT=2 DEFAULT CHARSET=utf8mb4 COLLATE=utf8mb4_0900_ai_ci |
+------------------+------------------------------------------------------------------------------------------------------------------------------------------------------------------------------------------------------------------------------------------------------------------------------------------------------------------------------------------------------------------------------------------------------------------------------------------------------------------------------------+
1 row in set (0.0036 sec)
 MySQL  localhost  tbd_eva2  SQL > alter table tarjetacliente
                                -> drop cpnstraint tarjetacliente_ibfk_1;
ERROR: 1064 (42000): You have an error in your SQL syntax; check the manual that corresponds to your MySQL server version for the right syntax to use near 'tarjetacliente_ibfk_1' at line 2
 MySQL  localhost  tbd_eva2  SQL > alter table tarjetacliente drop constraint tarjetacliente_ibfk_1;
Query OK, 0 rows affected (0.0267 sec)

Records: 0  Duplicates: 0  Warnings: 0
 MySQL  localhost  tbd_eva2  SQL > update cliente set clienteid = 5 where clienteid = 1;
Query OK, 1 row affected (0.0142 sec)

Rows matched: 1  Changed: 1  Warnings: 0
 MySQL  localhost  tbd_eva2  SQL > select * from cliente;
+-----------+--------+-----------+
| clienteid | nombre | apellidos |
+-----------+--------+-----------+
|         2 | Pedro  | Páramo    |
|         3 | Ruben  | Hernandez |
|         4 | Otro   | Cliente   |
|         5 | Juan   | Perez     |
+-----------+--------+-----------+
4 rows in set (0.0064 sec)
 MySQL  localhost  tbd_eva2  SQL > select * from venta;
+---------+-------------+-----------+
| ventaid | fecha_venta | clienteid |
+---------+-------------+-----------+
|       1 | 2025-03-06  |         5 |
|       2 | 2025-11-04  |         2 |
|       3 | 2024-10-12  |         5 |
|       4 | 2025-05-12  |         3 |
|       5 | 2025-06-22  |         5 |
+---------+-------------+-----------+
5 rows in set (0.0013 sec)
 MySQL  localhost  tbd_eva2  SQL > select * from ventadetalle
                                -> where ventadetalleid = 1;^C
 MySQL  localhost  tbd_eva2  SQL > select * drom venta_detalle where ventaid = 1;
ERROR: 1064 (42000): You have an error in your SQL syntax; check the manual that corresponds to your MySQL server version for the right syntax to use near 'drom venta_detalle where ventaid = 1' at line 1
 MySQL  localhost  tbd_eva2  SQL > select * from venta_detalle where ventaid = 1;
+----------------+---------+------------+----------+
| ventadetalleid | ventaid | productoid | cantidad |
+----------------+---------+------------+----------+
|              1 |       1 |          1 |       10 |
|              2 |       1 |          2 |        3 |
|              3 |       1 |          3 |        5 |
|              8 |       1 |          2 |        2 |
+----------------+---------+------------+----------+
4 rows in set (0.0303 sec)
 MySQL  localhost  tbd_eva2  SQL > select * from venta_detalle where ventaid = 3;
+----------------+---------+------------+----------+
| ventadetalleid | ventaid | productoid | cantidad |
+----------------+---------+------------+----------+
|              6 |       3 |          3 |        1 |
+----------------+---------+------------+----------+
1 row in set (0.0008 sec)
 MySQL  localhost  tbd_eva2  SQL > delete from cliente
                                -> where clienteid = 5;
Query OK, 1 row affected (0.0275 sec)
 MySQL  localhost  tbd_eva2  SQL > select * from cliente;
+-----------+--------+-----------+
| clienteid | nombre | apellidos |
+-----------+--------+-----------+
|         2 | Pedro  | Páramo    |
|         3 | Ruben  | Hernandez |
|         4 | Otro   | Cliente   |
+-----------+--------+-----------+
3 rows in set (0.0024 sec)
 MySQL  localhost  tbd_eva2  SQL > select * from venta;
+---------+-------------+-----------+
| ventaid | fecha_venta | clienteid |
+---------+-------------+-----------+
|       2 | 2025-11-04  |         2 |
|       4 | 2025-05-12  |         3 |
+---------+-------------+-----------+
2 rows in set (0.0009 sec)
 MySQL  localhost  tbd_eva2  SQL > select * from venta_detalle;
+----------------+---------+------------+----------+
| ventadetalleid | ventaid | productoid | cantidad |
+----------------+---------+------------+----------+
|              4 |       2 |          1 |        8 |
|              5 |       2 |          2 |        7 |
|              7 |       4 |          2 |        5 |
+----------------+---------+------------+----------+
3 rows in set (0.0064 sec)
 MySQL  localhost  tbd_eva2  SQL > alter table venta
                                -> drop constraint venta_ibfk_1;
Query OK, 0 rows affected (0.0903 sec)

Records: 0  Duplicates: 0  Warnings: 0
 MySQL  localhost  tbd_eva2  SQL > alter table venta
                                -> add foreign key(clienteid)
                                -> references cliente(clienteid)
                                -> on delete restrict
                                -> on update cascade;
Query OK, 2 rows affected (0.0664 sec)

Records: 2  Duplicates: 0  Warnings: 0
 MySQL  localhost  tbd_eva2  SQL > show create table venta;
+-------+--------------------------------------------------------------------------------------------------------------------------------------------------------------------------------------------------------------------------------------------------------------------------------------------------------------------------------------------------------------------------------------------------------------+
| Table | Create Table                                                                                                                                                                                                                                                                                                                                                                                                 |
+-------+--------------------------------------------------------------------------------------------------------------------------------------------------------------------------------------------------------------------------------------------------------------------------------------------------------------------------------------------------------------------------------------------------------------+
| venta | CREATE TABLE `venta` (
  `ventaid` int NOT NULL AUTO_INCREMENT,
  `fecha_venta` date DEFAULT NULL,
  `clienteid` int NOT NULL,
  PRIMARY KEY (`ventaid`),
  KEY `clienteid` (`clienteid`),
  CONSTRAINT `venta_ibfk_1` FOREIGN KEY (`clienteid`) REFERENCES `cliente` (`clienteid`) ON DELETE RESTRICT ON UPDATE CASCADE
) ENGINE=InnoDB AUTO_INCREMENT=7 DEFAULT CHARSET=utf8mb4 COLLATE=utf8mb4_0900_ai_ci |
+-------+--------------------------------------------------------------------------------------------------------------------------------------------------------------------------------------------------------------------------------------------------------------------------------------------------------------------------------------------------------------------------------------------------------------+
1 row in set (0.0550 sec)
 MySQL  localhost  tbd_eva2  SQL > select * from venta;
+---------+-------------+-----------+
| ventaid | fecha_venta | clienteid |
+---------+-------------+-----------+
|       2 | 2025-11-04  |         2 |
|       4 | 2025-05-12  |         3 |
+---------+-------------+-----------+
2 rows in set (0.0135 sec)
 MySQL  localhost  tbd_eva2  SQL > select * from cliente
                                -> where clienteid = 2;
+-----------+--------+-----------+
| clienteid | nombre | apellidos |
+-----------+--------+-----------+
|         2 | Pedro  | Páramo    |
+-----------+--------+-----------+
1 row in set (0.0270 sec)
 MySQL  localhost  tbd_eva2  SQL > delete from cliente where clienteid = 2;
ERROR: 1451 (23000): Cannot delete or update a parent row: a foreign key constraint fails (`tbd_eva2`.`venta`, CONSTRAINT `venta_ibfk_1` FOREIGN KEY (`clienteid`) REFERENCES `cliente` (`clienteid`) ON DELETE RESTRICT ON UPDATE CASCADE)
 MySQL  localhost  tbd_eva2  SQL > update cliente
                                -> set clienteid = 5
                                -> where clienteid = 2;
Query OK, 1 row affected (0.0768 sec)

Rows matched: 1  Changed: 1  Warnings: 0
 MySQL  localhost  tbd_eva2  SQL > select * from venta;
+---------+-------------+-----------+
| ventaid | fecha_venta | clienteid |
+---------+-------------+-----------+
|       2 | 2025-11-04  |         5 |
|       4 | 2025-05-12  |         3 |
+---------+-------------+-----------+
2 rows in set (0.0050 sec)
 MySQL  localhost  tbd_eva2  SQL > select * from venta_detalle;
+----------------+---------+------------+----------+
| ventadetalleid | ventaid | productoid | cantidad |
+----------------+---------+------------+----------+
|              4 |       2 |          1 |        8 |
|              5 |       2 |          2 |        7 |
|              7 |       4 |          2 |        5 |
+----------------+---------+------------+----------+
3 rows in set (0.0653 sec)
 MySQL  localhost  tbd_eva2  SQL > show create table venta_detalle;
+---------------+--------------------------------------------------------------------------------------------------------------------------------------------------------------------------------------------------------------------------------------------------------------------------------------------------------------------------------------------------------------------------------------------------------------------------------------------------------------------------------------------------------------------------------------------------------------------------------------------------------------------------------+
| Table         | Create Table                                                                                                                                                                                                                                                                                                                                                                                                                                                                                                                                                                                                                   |
+---------------+--------------------------------------------------------------------------------------------------------------------------------------------------------------------------------------------------------------------------------------------------------------------------------------------------------------------------------------------------------------------------------------------------------------------------------------------------------------------------------------------------------------------------------------------------------------------------------------------------------------------------------+
| venta_detalle | CREATE TABLE `venta_detalle` (
  `ventadetalleid` int NOT NULL AUTO_INCREMENT,
  `ventaid` int NOT NULL,
  `productoid` int NOT NULL,
  `cantidad` int NOT NULL,
  PRIMARY KEY (`ventadetalleid`),
  KEY `ventaid` (`ventaid`),
  KEY `productoid` (`productoid`),
  CONSTRAINT `venta_detalle_ibfk_1` FOREIGN KEY (`ventaid`) REFERENCES `venta` (`ventaid`) ON DELETE CASCADE ON UPDATE CASCADE,
  CONSTRAINT `venta_detalle_ibfk_2` FOREIGN KEY (`productoid`) REFERENCES `producto` (`productoid`) ON DELETE CASCADE ON UPDATE CASCADE
) ENGINE=InnoDB AUTO_INCREMENT=9 DEFAULT CHARSET=utf8mb4 COLLATE=utf8mb4_0900_ai_ci |
+---------------+--------------------------------------------------------------------------------------------------------------------------------------------------------------------------------------------------------------------------------------------------------------------------------------------------------------------------------------------------------------------------------------------------------------------------------------------------------------------------------------------------------------------------------------------------------------------------------------------------------------------------------+
1 row in set (0.0106 sec)
 MySQL  localhost  tbd_eva2  SQL > select * from venta_detalle;
+----------------+---------+------------+----------+
| ventadetalleid | ventaid | productoid | cantidad |
+----------------+---------+------------+----------+
|              4 |       2 |          1 |        8 |
|              5 |       2 |          2 |        7 |
|              7 |       4 |          2 |        5 |
+----------------+---------+------------+----------+
3 rows in set (0.0459 sec)
 MySQL  localhost  tbd_eva2  SQL > select * from producto;
+------------+-----------+----------+--------+
| productoid | nombre    | precio   | unidad |
+------------+-----------+----------+--------+
|          1 | Laptop    | 20000.05 | Pieza  |
|          2 | Tablet    |  5000.45 | Pieza  |
|          3 | Celular   |  1000.50 | Pieza  |
|          4 | Audifonos |   999.99 | Pieza  |
+------------+-----------+----------+--------+
4 rows in set (0.0029 sec)
 MySQL  localhost  tbd_eva2  SQL > delete producto
                                -> where productoid = 1;
ERROR: 1064 (42000): You have an error in your SQL syntax; check the manual that corresponds to your MySQL server version for the right syntax to use near 'where productoid = 1' at line 2
 MySQL  localhost  tbd_eva2  SQL > delete from producto where productoid = 1;
Query OK, 1 row affected (0.0275 sec)
 MySQL  localhost  tbd_eva2  SQL > select * from producto;
+------------+-----------+---------+--------+
| productoid | nombre    | precio  | unidad |
+------------+-----------+---------+--------+
|          2 | Tablet    | 5000.45 | Pieza  |
|          3 | Celular   | 1000.50 | Pieza  |
|          4 | Audifonos |  999.99 | Pieza  |
+------------+-----------+---------+--------+
3 rows in set (0.0013 sec)
 MySQL  localhost  tbd_eva2  SQL > select * from venta_detalle;
+----------------+---------+------------+----------+
| ventadetalleid | ventaid | productoid | cantidad |
+----------------+---------+------------+----------+
|              5 |       2 |          2 |        7 |
|              7 |       4 |          2 |        5 |
+----------------+---------+------------+----------+
2 rows in set (0.0010 sec)
 MySQL  localhost  tbd_eva2  SQL > use sakila;
Default schema set to `sakila`.
Fetching global names, object names from `sakila` for auto-completion... Press ^C to stop.
 MySQL  localhost  sakila  SQL > show tables;
+----------------------------+
| Tables_in_sakila           |
+----------------------------+
| actor                      |
| actor_info                 |
| address                    |
| category                   |
| city                       |
| country                    |
| customer                   |
| customer_list              |
| film                       |
| film_actor                 |
| film_category              |
| film_list                  |
| film_text                  |
| inventory                  |
| language                   |
| nicer_but_slower_film_list |
| payment                    |
| rental                     |
| sales_by_film_category     |
| sales_by_store             |
| staff                      |
| staff_list                 |
| store                      |
+----------------------------+
23 rows in set (0.0086 sec)
 MySQL  localhost  sakila  SQL > desc actor;
+-------------+-------------------+------+-----+-------------------+-----------------------------------------------+
| Field       | Type              | Null | Key | Default           | Extra                                         |
+-------------+-------------------+------+-----+-------------------+-----------------------------------------------+
| actor_id    | smallint unsigned | NO   | PRI | NULL              | auto_increment                                |
| first_name  | varchar(45)       | NO   |     | NULL              |                                               |
| last_name   | varchar(45)       | NO   | MUL | NULL              |                                               |
| last_update | timestamp         | NO   |     | CURRENT_TIMESTAMP | DEFAULT_GENERATED on update CURRENT_TIMESTAMP |
+-------------+-------------------+------+-----+-------------------+-----------------------------------------------+
4 rows in set (0.0110 sec)
 MySQL  localhost  sakila  SQL > desc language;
+-------------+------------------+------+-----+-------------------+-----------------------------------------------+
| Field       | Type             | Null | Key | Default           | Extra                                         |
+-------------+------------------+------+-----+-------------------+-----------------------------------------------+
| language_id | tinyint unsigned | NO   | PRI | NULL              | auto_increment                                |
| name        | char(20)         | NO   |     | NULL              |                                               |
| last_update | timestamp        | NO   |     | CURRENT_TIMESTAMP | DEFAULT_GENERATED on update CURRENT_TIMESTAMP |
+-------------+------------------+------+-----+-------------------+-----------------------------------------------+
3 rows in set (0.0043 sec)
 MySQL  localhost  sakila  SQL > desc film;
+----------------------+---------------------------------------------------------------------+------+-----+-------------------+-----------------------------------------------+
| Field                | Type                                                                | Null | Key | Default           | Extra                                         |
+----------------------+---------------------------------------------------------------------+------+-----+-------------------+-----------------------------------------------+
| film_id              | smallint unsigned                                                   | NO   | PRI | NULL              | auto_increment                                |
| title                | varchar(128)                                                        | NO   | MUL | NULL              |                                               |
| description          | text                                                                | YES  |     | NULL              |                                               |
| release_year         | year                                                                | YES  |     | NULL              |                                               |
| language_id          | tinyint unsigned                                                    | NO   | MUL | NULL              |                                               |
| original_language_id | tinyint unsigned                                                    | YES  | MUL | NULL              |                                               |
| rental_duration      | tinyint unsigned                                                    | NO   |     | 3                 |                                               |
| rental_rate          | decimal(4,2)                                                        | NO   |     | 4.99              |                                               |
| length               | smallint unsigned                                                   | YES  |     | NULL              |                                               |
| replacement_cost     | decimal(5,2)                                                        | NO   |     | 19.99             |                                               |
| rating               | enum('G','PG','PG-13','R','NC-17')                                  | YES  |     | G                 |                                               |
| special_features     | set('Trailers','Commentaries','Deleted Scenes','Behind the Scenes') | YES  |     | NULL              |                                               |
| last_update          | timestamp                                                           | NO   |     | CURRENT_TIMESTAMP | DEFAULT_GENERATED on update CURRENT_TIMESTAMP |
+----------------------+---------------------------------------------------------------------+------+-----+-------------------+-----------------------------------------------+
13 rows in set (0.0042 sec)
 MySQL  localhost  sakila  SQL > desc country;
+-------------+-------------------+------+-----+-------------------+-----------------------------------------------+
| Field       | Type              | Null | Key | Default           | Extra                                         |
+-------------+-------------------+------+-----+-------------------+-----------------------------------------------+
| country_id  | smallint unsigned | NO   | PRI | NULL              | auto_increment                                |
| country     | varchar(50)       | NO   |     | NULL              |                                               |
| last_update | timestamp         | NO   |     | CURRENT_TIMESTAMP | DEFAULT_GENERATED on update CURRENT_TIMESTAMP |
+-------------+-------------------+------+-----+-------------------+-----------------------------------------------+
3 rows in set (0.0043 sec)
 MySQL  localhost  sakila  SQL > desc city;
+-------------+-------------------+------+-----+-------------------+-----------------------------------------------+
| Field       | Type              | Null | Key | Default           | Extra                                         |
+-------------+-------------------+------+-----+-------------------+-----------------------------------------------+
| city_id     | smallint unsigned | NO   | PRI | NULL              | auto_increment                                |
| city        | varchar(50)       | NO   |     | NULL              |                                               |
| country_id  | smallint unsigned | NO   | MUL | NULL              |                                               |
| last_update | timestamp         | NO   |     | CURRENT_TIMESTAMP | DEFAULT_GENERATED on update CURRENT_TIMESTAMP |
+-------------+-------------------+------+-----+-------------------+-----------------------------------------------+
4 rows in set (0.0038 sec)
 MySQL  localhost  sakila  SQL > select count(*) from city;
+----------+
| count(*) |
+----------+
|      600 |
+----------+
1 row in set (0.0253 sec)
 MySQL  localhost  sakila  SQL > select count(*) from country;
+----------+
| count(*) |
+----------+
|      109 |
+----------+
1 row in set (0.0123 sec)
 MySQL  localhost  sakila  SQL > CREATE TABLE tbd_eva2.Country LIKE sakila.Country;
Query OK, 0 rows affected (0.0788 sec)
 MySQL  localhost  sakila  SQL > INSERT INTO tbd_eva2.Country SELECT * FROM sakila.Country;
Query OK, 109 rows affected (0.0186 sec)

Records: 109  Duplicates: 0  Warnings: 0
 MySQL  localhost  sakila  SQL > CREATE TABLE tbd_eva2.City LIKE sakila.City;
Query OK, 0 rows affected (0.0118 sec)
 MySQL  localhost  sakila  SQL > INSERT INTO tbd_eva2.City SELECT * FROM sakila.City;
Query OK, 600 rows affected (0.0176 sec)

Records: 600  Duplicates: 0  Warnings: 0
 MySQL  localhost  sakila  SQL > USE tbd_eva2;
Default schema set to `tbd_eva2`.
Fetching global names, object names from `tbd_eva2` for auto-completion... Press ^C to stop.
 MySQL  localhost  tbd_eva2  SQL > 
 MySQL  localhost  tbd_eva2  SQL > ALTER TABLE City DROP FOREIGN KEY IF EXISTS city_ibfk_1;
ERROR: 1064 (42000): You have an error in your SQL syntax; check the manual that corresponds to your MySQL server version for the right syntax to use near 'IF EXISTS city_ibfk_1' at line 1
 MySQL  localhost  tbd_eva2  SQL > 
 MySQL  localhost  tbd_eva2  SQL > ALTER TABLE City 
                                -> ADD CONSTRAINT fk_country_id 
                                -> FOREIGN KEY (country_id) 
                                -> REFERENCES Country(country_id) 
                                -> ON DELETE CASCADE 
                                -> ON UPDATE CASCADE;
Query OK, 600 rows affected (0.0436 sec)

Records: 600  Duplicates: 0  Warnings: 0
 MySQL  localhost  tbd_eva2  SQL > show create table city;
+-------+---------------------------------------------------------------------------------------------------------------------------------------------------------------------------------------------------------------------------------------------------------------------------------------------------------------------------------------------------------------------------------------------------------------------------------------------------------------------------------------------------------------------------------------------+
| Table | Create Table                                                                                                                                                                                                                                                                                                                                                                                                                                                                                                                                |
+-------+---------------------------------------------------------------------------------------------------------------------------------------------------------------------------------------------------------------------------------------------------------------------------------------------------------------------------------------------------------------------------------------------------------------------------------------------------------------------------------------------------------------------------------------------+
| city  | CREATE TABLE `city` (
  `city_id` smallint unsigned NOT NULL AUTO_INCREMENT,
  `city` varchar(50) NOT NULL,
  `country_id` smallint unsigned NOT NULL,
  `last_update` timestamp NOT NULL DEFAULT CURRENT_TIMESTAMP ON UPDATE CURRENT_TIMESTAMP,
  PRIMARY KEY (`city_id`),
  KEY `idx_fk_country_id` (`country_id`),
  CONSTRAINT `fk_country_id` FOREIGN KEY (`country_id`) REFERENCES `Country` (`country_id`) ON DELETE CASCADE ON UPDATE CASCADE
) ENGINE=InnoDB AUTO_INCREMENT=601 DEFAULT CHARSET=utf8mb4 COLLATE=utf8mb4_0900_ai_ci |
+-------+---------------------------------------------------------------------------------------------------------------------------------------------------------------------------------------------------------------------------------------------------------------------------------------------------------------------------------------------------------------------------------------------------------------------------------------------------------------------------------------------------------------------------------------------+
1 row in set (0.0267 sec)
 MySQL  localhost  tbd_eva2  SQL > 
